lli: tmp.ll:35:1: error: expected value token
ret i32  0
^
